
> build
> astro build

[2m19:22:16[22m [34m[@astrojs/netlify][39m Enabling sessions with Netlify Blobs
[2m19:22:16[22m [34m[types][39m Generated [2m90ms[22m
[2m19:22:16[22m [34m[build][39m output: [34m"static"[39m
[2m19:22:16[22m [34m[build][39m mode: [34m"server"[39m
[2m19:22:16[22m [34m[build][39m directory: [34mD:\astrowp-blog\dist\[39m
[2m19:22:16[22m [34m[build][39m adapter: [32m@astrojs/netlify[39m
[2m19:22:16[22m [34m[build][39m Collecting build info...
[2m19:22:16[22m [34m[build][39m [32m✓ Completed in 138ms.[39m
[2m19:22:16[22m [34m[build][39m Building server entrypoints...
[2m19:22:19[22m [34m[vite][39m [32m✓ built in 2.12s[39m
[2m19:22:20[22m [34m[vite][39m [32m✓ built in 991ms[39m
[2m19:22:20[22m [34m[vite][39m [32m✓ built in 39ms[39m

[42m[30m prerendering static routes [39m[49m
[2m19:22:22[22m   [34m├─[39m [2m/blog/1/index.html[22m [2m(+479ms)[22m 
[2m19:22:23[22m   [34m├─[39m [2m/blog/2/index.html[22m [2m(+239ms)[22m 
[2m19:22:23[22m   [34m├─[39m [2m/blog/3/index.html[22m [2m(+238ms)[22m 
[2m19:22:23[22m   [34m├─[39m [2m/blog/4/index.html[22m [2m(+240ms)[22m 
[2m19:22:24[22m   [34m├─[39m [2m/blog/5/index.html[22m [2m(+241ms)[22m 
[2m19:22:24[22m   [34m├─[39m [2m/blog/6/index.html[22m [2m(+232ms)[22m 
[2m19:22:24[22m   [34m├─[39m [2m/blog/7/index.html[22mnormalPosts.map is not a function
  [1mStack trace:[22m
[2m    at Object.default (file:///D:/astrowp-blog/.netlify/build/.prerender/chunks/_page__CLrw0-V-.mjs:43:252)
    at createAstroComponentInstance (file:///D:/astrowp-blog/.netlify/build/.prerender/chunks/prerender_CT2ntBRj.mjs:3532:20)
    at renderComponent (file:///D:/astrowp-blog/.netlify/build/.prerender/chunks/prerender_CT2ntBRj.mjs:4150:12)
    at process.processTicksAndRejections (node:internal/process/task_queues:103:5)
    at async renderToAsyncIterable (file:///D:/astrowp-blog/.netlify/build/.prerender/chunks/prerender_CT2ntBRj.mjs:3656:26)[22m
